components/DashboardTabs.tsx(2,19): error TS2792: Cannot find module 'react'. Did you mean to set the 'moduleResolution' option to 'nodenext', or to add aliases to the 'paths' option?
components/DashboardTabs.tsx(26,9): error TS2792: Cannot find module 'react/jsx-runtime'. Did you mean to set the 'moduleResolution' option to 'nodenext', or to add aliases to the 'paths' option?
components/ProfileTab.tsx(1,41): error TS2792: Cannot find module 'react'. Did you mean to set the 'moduleResolution' option to 'nodenext', or to add aliases to the 'paths' option?
components/ProfileTab.tsx(71,5): error TS2792: Cannot find module 'react/jsx-runtime'. Did you mean to set the 'moduleResolution' option to 'nodenext', or to add aliases to the 'paths' option?
pages/AdminDashboard.tsx(2,61): error TS2792: Cannot find module 'react'. Did you mean to set the 'moduleResolution' option to 'nodenext', or to add aliases to the 'paths' option?
pages/AdminDashboard.tsx(4,96): error TS2792: Cannot find module 'recharts'. Did you mean to set the 'moduleResolution' option to 'nodenext', or to add aliases to the 'paths' option?
pages/AdminDashboard.tsx(9,23): error TS2792: Cannot find module 'jspdf'. Did you mean to set the 'moduleResolution' option to 'nodenext', or to add aliases to the 'paths' option?
pages/AdminDashboard.tsx(10,25): error TS2792: Cannot find module 'html2canvas'. Did you mean to set the 'moduleResolution' option to 'nodenext', or to add aliases to the 'paths' option?
pages/AdminDashboard.tsx(612,5): error TS2792: Cannot find module 'react/jsx-runtime'. Did you mean to set the 'moduleResolution' option to 'nodenext', or to add aliases to the 'paths' option?
services/pdfOcr.ts(1,27): error TS2792: Cannot find module 'pdfjs-dist'. Did you mean to set the 'moduleResolution' option to 'nodenext', or to add aliases to the 'paths' option?
services/supabase.ts(1,30): error TS2792: Cannot find module '@supabase/supabase-js'. Did you mean to set the 'moduleResolution' option to 'nodenext', or to add aliases to the 'paths' option?
services/supabase.ts(11,33): error TS2339: Property 'env' does not exist on type 'ImportMeta'.
